../Core/Src/main.c:134:5:main	8	static
../Core/Src/main.c:181:6:SystemClock_Config	88	static
../Core/Src/main.c:228:13:MX_ADC1_Init	24	static
../Core/Src/main.c:287:13:MX_DMA_Init	16	static
../Core/Src/main.c:305:13:MX_GPIO_Init	56	static
../Core/Src/main.c:437:6:HAL_ADC_ConvHalfCpltCallback	16	static
../Core/Src/main.c:442:6:HAL_ADC_ConvCpltCallback	16	static
../Core/Src/main.c:447:6:inicio	8	static
../Core/Src/main.c:459:6:apagarTodos	4	static
../Core/Src/main.c:463:6:encenderTodos	4	static
../Core/Src/main.c:468:6:promediar	32	static
../Core/Src/main.c:482:6:mostrarNtc	8	static
../Core/Src/main.c:507:6:mostrarPot	8	static
../Core/Src/main.c:531:6:mostrar	8	static
../Core/Src/main.c:542:6:Error_Handler	4	static,ignoring_inline_asm
