../Core/Src/main.c:143:6:actualizarLEDs	24	static
../Core/Src/main.c:165:5:main	24	static
../Core/Src/main.c:245:6:SystemClock_Config	88	static
../Core/Src/main.c:292:13:MX_ADC1_Init	24	static
../Core/Src/main.c:351:13:MX_DMA_Init	16	static
../Core/Src/main.c:369:13:MX_GPIO_Init	56	static
../Core/Src/main.c:501:6:HAL_ADC_ConvHalfCpltCallback	16	static
../Core/Src/main.c:506:6:HAL_ADC_ConvCpltCallback	16	static
../Core/Src/main.c:511:6:inicio	8	static
../Core/Src/main.c:523:6:apagarTodos	4	static
../Core/Src/main.c:527:6:encenderTodos	4	static
../Core/Src/main.c:532:6:promediar	32	static
../Core/Src/main.c:546:6:mostrarNtc	8	static
../Core/Src/main.c:571:6:mostrarPot	8	static
../Core/Src/main.c:595:6:mostrar	8	static
../Core/Src/main.c:606:6:Error_Handler	4	static,ignoring_inline_asm
