16:40:04 **** Incremental Build of configuration Debug for project Proyecto_1 ****
make -j8 all 
arm-none-eabi-gcc "../Core/Src/main.c" -mcpu=cortex-m4 -std=gnu11 -g3 -DDEBUG -DUSE_HAL_DRIVER -DSTM32F407xx -c -I../Core/Inc -I../Drivers/STM32F4xx_HAL_Driver/Inc -I../Drivers/STM32F4xx_HAL_Driver/Inc/Legacy -I../Drivers/CMSIS/Device/ST/STM32F4xx/Include -I../Drivers/CMSIS/Include -O0 -ffunction-sections -fdata-sections -Wall -fstack-usage -fcyclomatic-complexity -MMD -MP -MF"Core/Src/main.d" -MT"Core/Src/main.o" --specs=nano.specs -mfpu=fpv4-sp-d16 -mfloat-abi=hard -mthumb -o "Core/Src/main.o"
arm-none-eabi-gcc -o "Proyecto_1.elf" @"objects.list"   -mcpu=cortex-m4 -T"C:\Users\mateo\OneDrive\Documentos\FACULTAD\FACULTAD\Sistemas Digitales\Proyectos\Proyecto_1\STM32F407VGTX_FLASH.ld" --specs=nosys.specs -Wl,-Map="Proyecto_1.map" -Wl,--gc-sections -static --specs=nano.specs -mfpu=fpv4-sp-d16 -mfloat-abi=hard -mthumb -Wl,--start-group -lc -lm -Wl,--end-group
Finished building target: Proyecto_1.elf
 
arm-none-eabi-size  Proyecto_1.elf 
arm-none-eabi-objdump -h -S Proyecto_1.elf  > "Proyecto_1.list"
   text	   data	    bss	    dec	    hex	filename
  11496	     24	   1880	  13400	   3458	Proyecto_1.elf
Finished building: default.size.stdout
 
Finished building: Proyecto_1.list
 
16:40:17 **** Incremental Build of configuration Debug for project Proyecto_1 ****
make -j8 all 
arm-none-eabi-size  Proyecto_1.elf 
   text	   data	    bss	    dec	    hex	filename
  11496	     24	   1880	  13400	   3458	Proyecto_1.elf
Finished building: default.size.stdout
 
16:41:36 **** Incremental Build of configuration Debug for project Proyecto_1 ****
make -j8 all 
arm-none-eabi-size  Proyecto_1.elf 
   text	   data	    bss	    dec	    hex	filename
  11496	     24	   1880	  13400	   3458	Proyecto_1.elf
Finished building: default.size.stdout
 
